../Core/Src/main.c:123:5:main	136	static
../Core/Src/main.c:222:6:SystemClock_Config	96	static
../Core/Src/main.c:273:13:MX_ADC1_Init	32	static
../Core/Src/main.c:346:13:MX_I2C1_Init	8	static
../Core/Src/main.c:394:13:MX_LPUART1_UART_Init	8	static
../Core/Src/main.c:442:13:MX_USB_OTG_FS_PCD_Init	8	static
../Core/Src/main.c:477:13:MX_GPIO_Init	56	static
../Core/Src/main.c:548:6:ADC_Select_CH8	32	static
../Core/Src/main.c:565:6:ADC_Select_CH14	32	static
../Core/Src/main.c:596:6:readAudioSensor_EF	16	static
../Core/Src/main.c:641:6:feedbackDevices_EF	16	static
../Core/Src/main.c:689:6:lcdOutput_EF	16	static
../Core/Src/main.c:729:6:readUVSensor_EF	16	static
../Core/Src/main.c:807:6:HAL_TIM_PeriodElapsedCallback	16	static
../Core/Src/main.c:824:6:Error_Handler	4	static,ignoring_inline_asm
